2024-10-18 14:30:55 INFO  c.e.e.EmailSenderApplicationTests - Starting EmailSenderApplicationTests using Java 17.0.11 with PID 7984 (started by kitti in C:\Users\kitti\OneDrive\Internship\email-sender)
2024-10-18 14:30:55 DEBUG c.e.e.EmailSenderApplicationTests - Running with Spring Boot v3.2.10, Spring v6.1.13
2024-10-18 14:30:55 INFO  c.e.e.EmailSenderApplicationTests - No active profile set, falling back to 1 default profile: "default"
2024-10-18 14:30:56 INFO  o.s.d.r.c.RepositoryConfigurationDelegate - Bootstrapping Spring Data JPA repositories in DEFAULT mode.
2024-10-18 14:30:56 INFO  o.s.d.r.c.RepositoryConfigurationDelegate - Finished Spring Data repository scanning in 19 ms. Found 0 JPA repository interfaces.
2024-10-18 14:30:57 INFO  o.h.jpa.internal.util.LogHelper - HHH000204: Processing PersistenceUnitInfo [name: default]
2024-10-18 14:30:57 INFO  org.hibernate.Version - HHH000412: Hibernate ORM core version 6.4.10.Final
2024-10-18 14:30:57 INFO  o.h.c.i.RegionFactoryInitiator - HHH000026: Second-level cache disabled
2024-10-18 14:30:57 INFO  o.s.o.j.p.SpringPersistenceUnitInfo - No LoadTimeWeaver setup: ignoring JPA class transformer
2024-10-18 14:30:57 INFO  com.zaxxer.hikari.HikariDataSource - HikariPool-1 - Starting...
2024-10-18 14:30:58 INFO  com.zaxxer.hikari.pool.HikariPool - HikariPool-1 - Added connection com.mysql.cj.jdbc.ConnectionImpl@350f18a6
2024-10-18 14:30:58 INFO  com.zaxxer.hikari.HikariDataSource - HikariPool-1 - Start completed.
2024-10-18 14:30:58 INFO  o.h.e.t.j.p.i.JtaPlatformInitiator - HHH000489: No JTA platform available (set 'hibernate.transaction.jta.platform' to enable JTA platform integration)
2024-10-18 14:30:58 INFO  o.s.o.j.LocalContainerEntityManagerFactoryBean - Initialized JPA EntityManagerFactory for persistence unit 'default'
2024-10-18 14:30:58 WARN  o.s.b.a.o.j.JpaBaseConfiguration$JpaWebConfiguration - spring.jpa.open-in-view is enabled by default. Therefore, database queries may be performed during view rendering. Explicitly configure spring.jpa.open-in-view to disable this warning
2024-10-18 14:30:58 WARN  o.s.b.a.s.s.UserDetailsServiceAutoConfiguration - 

Using generated security password: a0186521-6650-481a-a728-72250d6fde1f

This generated password is for development use only. Your security configuration must be updated before running your application in production.

2024-10-18 14:30:59 INFO  o.s.s.web.DefaultSecurityFilterChain - Will secure any request with [org.springframework.security.web.session.DisableEncodeUrlFilter@bea283b, org.springframework.security.web.context.request.async.WebAsyncManagerIntegrationFilter@73852720, org.springframework.security.web.context.SecurityContextHolderFilter@54e06788, org.springframework.security.web.header.HeaderWriterFilter@37c5b8e8, org.springframework.security.web.savedrequest.RequestCacheAwareFilter@5751e53e, org.springframework.security.web.servletapi.SecurityContextHolderAwareRequestFilter@19ce19b7, org.springframework.security.web.authentication.AnonymousAuthenticationFilter@22854f2b, org.springframework.security.web.access.ExceptionTranslationFilter@14c5283, org.springframework.security.web.access.intercept.AuthorizationFilter@1b9c716f]
2024-10-18 14:30:59 INFO  c.e.e.EmailSenderApplicationTests - Started EmailSenderApplicationTests in 4.721 seconds (process running for 5.77)
2024-10-18 14:31:00 INFO  o.s.o.j.LocalContainerEntityManagerFactoryBean - Closing JPA EntityManagerFactory for persistence unit 'default'
2024-10-18 14:31:00 INFO  com.zaxxer.hikari.HikariDataSource - HikariPool-1 - Shutdown initiated...
2024-10-18 14:31:00 INFO  com.zaxxer.hikari.HikariDataSource - HikariPool-1 - Shutdown completed.
2024-10-18 14:31:13 INFO  c.e.e.EmailSenderApplication - Starting EmailSenderApplication using Java 17.0.11 with PID 21752 (C:\Users\kitti\OneDrive\Internship\email-sender\target\classes started by kitti in C:\Users\kitti\OneDrive\Internship\email-sender)
2024-10-18 14:31:13 DEBUG c.e.e.EmailSenderApplication - Running with Spring Boot v3.2.10, Spring v6.1.13
2024-10-18 14:31:13 INFO  c.e.e.EmailSenderApplication - No active profile set, falling back to 1 default profile: "default"
2024-10-18 14:31:14 INFO  o.s.d.r.c.RepositoryConfigurationDelegate - Bootstrapping Spring Data JPA repositories in DEFAULT mode.
2024-10-18 14:31:14 INFO  o.s.d.r.c.RepositoryConfigurationDelegate - Finished Spring Data repository scanning in 9 ms. Found 0 JPA repository interfaces.
2024-10-18 14:31:14 INFO  o.s.b.w.e.tomcat.TomcatWebServer - Tomcat initialized with port 8080 (http)
2024-10-18 14:31:14 INFO  o.a.coyote.http11.Http11NioProtocol - Initializing ProtocolHandler ["http-nio-8080"]
2024-10-18 14:31:14 INFO  o.a.catalina.core.StandardService - Starting service [Tomcat]
2024-10-18 14:31:14 INFO  o.a.catalina.core.StandardEngine - Starting Servlet engine: [Apache Tomcat/10.1.30]
2024-10-18 14:31:14 INFO  o.a.c.c.C.[Tomcat].[localhost].[/] - Initializing Spring embedded WebApplicationContext
2024-10-18 14:31:14 INFO  o.s.b.w.s.c.ServletWebServerApplicationContext - Root WebApplicationContext: initialization completed in 926 ms
2024-10-18 14:31:14 INFO  o.h.jpa.internal.util.LogHelper - HHH000204: Processing PersistenceUnitInfo [name: default]
2024-10-18 14:31:14 INFO  org.hibernate.Version - HHH000412: Hibernate ORM core version 6.4.10.Final
2024-10-18 14:31:14 INFO  o.h.c.i.RegionFactoryInitiator - HHH000026: Second-level cache disabled
2024-10-18 14:31:15 INFO  o.s.o.j.p.SpringPersistenceUnitInfo - No LoadTimeWeaver setup: ignoring JPA class transformer
2024-10-18 14:31:15 INFO  com.zaxxer.hikari.HikariDataSource - HikariPool-1 - Starting...
2024-10-18 14:31:15 INFO  com.zaxxer.hikari.pool.HikariPool - HikariPool-1 - Added connection com.mysql.cj.jdbc.ConnectionImpl@353b0719
2024-10-18 14:31:15 INFO  com.zaxxer.hikari.HikariDataSource - HikariPool-1 - Start completed.
2024-10-18 14:31:15 INFO  o.h.e.t.j.p.i.JtaPlatformInitiator - HHH000489: No JTA platform available (set 'hibernate.transaction.jta.platform' to enable JTA platform integration)
2024-10-18 14:31:15 INFO  o.s.o.j.LocalContainerEntityManagerFactoryBean - Initialized JPA EntityManagerFactory for persistence unit 'default'
2024-10-18 14:31:15 WARN  o.s.b.a.o.j.JpaBaseConfiguration$JpaWebConfiguration - spring.jpa.open-in-view is enabled by default. Therefore, database queries may be performed during view rendering. Explicitly configure spring.jpa.open-in-view to disable this warning
2024-10-18 14:31:15 WARN  o.s.b.a.s.s.UserDetailsServiceAutoConfiguration - 

Using generated security password: 85c84816-367a-49d8-bf5f-6de75f2af0d4

This generated password is for development use only. Your security configuration must be updated before running your application in production.

2024-10-18 14:31:15 INFO  o.s.s.web.DefaultSecurityFilterChain - Will secure any request with [org.springframework.security.web.session.DisableEncodeUrlFilter@33a3e5db, org.springframework.security.web.context.request.async.WebAsyncManagerIntegrationFilter@4f9213d2, org.springframework.security.web.context.SecurityContextHolderFilter@31531d0d, org.springframework.security.web.header.HeaderWriterFilter@53df7e67, org.springframework.security.web.savedrequest.RequestCacheAwareFilter@3f87780b, org.springframework.security.web.servletapi.SecurityContextHolderAwareRequestFilter@231d3ce, org.springframework.security.web.authentication.AnonymousAuthenticationFilter@679f59f1, org.springframework.security.web.access.ExceptionTranslationFilter@75c77add, org.springframework.security.web.access.intercept.AuthorizationFilter@45273d40]
2024-10-18 14:31:16 INFO  o.a.coyote.http11.Http11NioProtocol - Starting ProtocolHandler ["http-nio-8080"]
2024-10-18 14:31:16 INFO  o.s.b.w.e.tomcat.TomcatWebServer - Tomcat started on port 8080 (http) with context path ''
2024-10-18 14:31:16 INFO  c.e.e.EmailSenderApplication - Started EmailSenderApplication in 2.597 seconds (process running for 2.853)
2024-10-18 14:31:28 INFO  o.a.c.c.C.[Tomcat].[localhost].[/] - Initializing Spring DispatcherServlet 'dispatcherServlet'
2024-10-18 14:31:28 INFO  o.s.web.servlet.DispatcherServlet - Initializing Servlet 'dispatcherServlet'
2024-10-18 14:31:28 INFO  o.s.web.servlet.DispatcherServlet - Completed initialization in 0 ms
2024-10-18 14:31:28 DEBUG o.s.security.web.FilterChainProxy - Securing GET /login
2024-10-18 14:31:28 DEBUG o.s.security.web.FilterChainProxy - Secured GET /login
2024-10-18 14:31:29 DEBUG o.s.s.w.a.AnonymousAuthenticationFilter - Set SecurityContextHolder to anonymous SecurityContext
2024-10-18 14:31:29 DEBUG o.s.security.web.FilterChainProxy - Securing GET /css/styles.css
2024-10-18 14:31:29 DEBUG o.s.security.web.FilterChainProxy - Secured GET /css/styles.css
2024-10-18 14:31:29 DEBUG o.s.s.w.a.AnonymousAuthenticationFilter - Set SecurityContextHolder to anonymous SecurityContext
2024-10-18 14:31:29 DEBUG o.s.security.web.FilterChainProxy - Securing GET /favicon.ico
2024-10-18 14:31:29 DEBUG o.s.security.web.FilterChainProxy - Secured GET /favicon.ico
2024-10-18 14:31:29 DEBUG o.s.s.w.a.AnonymousAuthenticationFilter - Set SecurityContextHolder to anonymous SecurityContext
2024-10-18 14:31:29 DEBUG o.s.security.web.FilterChainProxy - Securing GET /error
2024-10-18 14:31:29 DEBUG o.s.security.web.FilterChainProxy - Secured GET /error
2024-10-18 14:31:29 DEBUG o.s.s.w.a.AnonymousAuthenticationFilter - Set SecurityContextHolder to anonymous SecurityContext
2024-10-18 14:32:04 DEBUG o.s.security.web.FilterChainProxy - Securing GET /register
2024-10-18 14:32:04 DEBUG o.s.security.web.FilterChainProxy - Secured GET /register
2024-10-18 14:32:04 DEBUG o.s.s.w.a.AnonymousAuthenticationFilter - Set SecurityContextHolder to anonymous SecurityContext
2024-10-18 14:32:04 DEBUG o.s.security.web.FilterChainProxy - Securing GET /css/styles.css
2024-10-18 14:32:04 DEBUG o.s.security.web.FilterChainProxy - Secured GET /css/styles.css
2024-10-18 14:32:04 DEBUG o.s.s.w.a.AnonymousAuthenticationFilter - Set SecurityContextHolder to anonymous SecurityContext
2024-10-18 14:32:10 DEBUG o.s.security.web.FilterChainProxy - Securing POST /register
2024-10-18 14:32:10 DEBUG o.s.security.web.FilterChainProxy - Secured POST /register
2024-10-18 14:32:11 DEBUG o.s.s.w.a.AnonymousAuthenticationFilter - Set SecurityContextHolder to anonymous SecurityContext
2024-10-18 14:32:11 DEBUG o.s.security.web.FilterChainProxy - Securing GET /login
2024-10-18 14:32:11 DEBUG o.s.security.web.FilterChainProxy - Secured GET /login
2024-10-18 14:32:11 DEBUG o.s.s.w.a.AnonymousAuthenticationFilter - Set SecurityContextHolder to anonymous SecurityContext
2024-10-18 14:32:11 DEBUG o.s.security.web.FilterChainProxy - Securing GET /css/styles.css
2024-10-18 14:32:11 DEBUG o.s.security.web.FilterChainProxy - Secured GET /css/styles.css
2024-10-18 14:32:11 DEBUG o.s.s.w.a.AnonymousAuthenticationFilter - Set SecurityContextHolder to anonymous SecurityContext
2024-10-18 14:32:16 DEBUG o.s.security.web.FilterChainProxy - Securing POST /login
2024-10-18 14:32:16 DEBUG o.s.security.web.FilterChainProxy - Secured POST /login
2024-10-18 14:32:17 DEBUG o.s.s.w.a.AnonymousAuthenticationFilter - Set SecurityContextHolder to anonymous SecurityContext
2024-10-18 14:32:17 DEBUG o.s.security.web.FilterChainProxy - Securing GET /send-email
2024-10-18 14:32:17 DEBUG o.s.security.web.FilterChainProxy - Secured GET /send-email
2024-10-18 14:32:17 DEBUG o.s.s.w.a.AnonymousAuthenticationFilter - Set SecurityContextHolder to anonymous SecurityContext
2024-10-18 14:32:17 DEBUG o.s.security.web.FilterChainProxy - Securing GET /css/styles.css
2024-10-18 14:32:17 DEBUG o.s.security.web.FilterChainProxy - Secured GET /css/styles.css
2024-10-18 14:32:17 DEBUG o.s.s.w.a.AnonymousAuthenticationFilter - Set SecurityContextHolder to anonymous SecurityContext
2024-10-18 14:32:35 DEBUG o.s.security.web.FilterChainProxy - Securing POST /sendEmail
2024-10-18 14:32:35 DEBUG o.s.security.web.FilterChainProxy - Secured POST /sendEmail
2024-10-18 14:32:55 DEBUG o.s.s.w.a.AnonymousAuthenticationFilter - Set SecurityContextHolder to anonymous SecurityContext
2024-10-18 14:32:55 DEBUG o.s.security.web.FilterChainProxy - Securing GET /email-success
2024-10-18 14:32:55 DEBUG o.s.security.web.FilterChainProxy - Secured GET /email-success
2024-10-18 14:32:55 DEBUG o.s.s.w.a.AnonymousAuthenticationFilter - Set SecurityContextHolder to anonymous SecurityContext
2024-10-18 14:32:55 DEBUG o.s.security.web.FilterChainProxy - Securing GET /css/styles.css
2024-10-18 14:32:55 DEBUG o.s.security.web.FilterChainProxy - Secured GET /css/styles.css
2024-10-18 14:32:55 DEBUG o.s.s.w.a.AnonymousAuthenticationFilter - Set SecurityContextHolder to anonymous SecurityContext
